---------------------------------------------------------------
 Total Score: 0/90.0
---------------------------------------------------------------
